BL51 BANKED LINKER/LOCATER V6.22.2.0                                                    08/13/2023  12:56:04  PAGE 1


BL51 BANKED LINKER/LOCATER V6.22.2.0, INVOKED BY:
D:\KEIL\C51\BIN\BL51.EXE .\Objects\main.obj, .\Objects\Delay.obj, .\Objects\LCD1602.obj, .\Objects\MatrixKey.obj TO .\Ob
>> jects\Project PRINT (.\Listings\Project.m51) RAMSIZE (256) DISABLEWARNING (16)


MEMORY MODEL: LARGE


INPUT MODULES INCLUDED:
  .\Objects\main.obj (MAIN)
  .\Objects\Delay.obj (DELAY)
  .\Objects\LCD1602.obj (LCD1602)
  .\Objects\MatrixKey.obj (MATRIXKEY)
  D:\KEIL\C51\LIB\C51L.LIB (?C_STARTUP)
  D:\KEIL\C51\LIB\C51L.LIB (?C?CLDOPTR)
  D:\KEIL\C51\LIB\C51L.LIB (?C?IMUL)
  D:\KEIL\C51\LIB\C51L.LIB (?C?UIDIV)
  D:\KEIL\C51\LIB\C51L.LIB (?C?ILDIX)
  D:\KEIL\C51\LIB\C51L.LIB (?C_INIT)


LINK MAP OF MODULE:  .\Objects\Project (MAIN)


            TYPE    BASE      LENGTH    RELOCATION   SEGMENT NAME
            -----------------------------------------------------

            * * * * * * *   D A T A   M E M O R Y   * * * * * * *
            REG     0000H     0008H     ABSOLUTE     "REG BANK 0"
            IDATA   0008H     0001H     UNIT         ?STACK

            * * * * * * *  X D A T A   M E M O R Y  * * * * * * *
            XDATA   0000H     0064H     UNIT         ?XD?MAIN
            XDATA   0064H     0008H     UNIT         ?XD?_LCD_SHOWSIGNEDNUM?LCD1602
            XDATA   006CH     0008H     UNIT         _XDATA_GROUP_
            XDATA   0074H     0006H     UNIT         ?XD?_DISPLAY?MAIN
            XDATA   007AH     0006H     UNIT         ?XD?_LCD_SHOWHEXNUM?LCD1602
            XDATA   0080H     0006H     UNIT         ?XD?_LCD_SHOWBINNUM?LCD1602
            XDATA   0086H     0002H     UNIT         ?XD?MATRIXKEY

            * * * * * * *   C O D E   M E M O R Y   * * * * * * *
            CODE    0000H     0003H     ABSOLUTE     
            CODE    0003H     022CH     UNIT         ?PR?MAIN?MAIN
            CODE    022FH     01F2H     UNIT         ?PR?MATRIXKEY?MATRIXKEY
            CODE    0421H     01C9H     UNIT         ?PR?_SHOW?MAIN
            CODE    05EAH     00E4H     UNIT         ?PR?KEY_SCAN?MATRIXKEY
            CODE    06CEH     00C0H     UNIT         ?PR?_ENQUEUE?MAIN
            CODE    078EH     00BEH     UNIT         ?CO?MAIN
            CODE    084CH     00AAH     UNIT         ?C?LIB_CODE
            CODE    08F6H     009CH     UNIT         ?PR?_DISPLAY?MAIN
            CODE    0992H     0096H     UNIT         ?PR?_QUERY?MAIN
            CODE    0A28H     008CH     UNIT         ?C_C51STARTUP
            CODE    0AB4H     0067H     UNIT         ?PR?_BOOKING?MAIN
            CODE    0B1BH     0063H     UNIT         ?PR?_LCD_SHOWSIGNEDNUM?LCD1602
            CODE    0B7EH     0059H     UNIT         ?PR?DEQUEUE?MAIN
            CODE    0BD7H     0052H     UNIT         ?PR?_LCD_SHOWHEXNUM?LCD1602
            CODE    0C29H     0043H     UNIT         ?PR?_LCD_SHOWBINNUM?LCD1602
            CODE    0C6CH     002FH     UNIT         ?PR?_LCD_SHOWNUM?LCD1602
BL51 BANKED LINKER/LOCATER V6.22.2.0                                                  08/13/2023  12:56:04  PAGE 2


            CODE    0C9BH     002FH     UNIT         ?PR?_HC595SENDBYTE?MATRIXKEY
            CODE    0CCAH     002DH     UNIT         ?PR?_LCD_SHOWSTRING?LCD1602
            CODE    0CF7H     002BH     UNIT         ?PR?_JUDGE?MAIN
            CODE    0D22H     002BH     UNIT         ?PR?_JUDGE_COL?MAIN
            CODE    0D4DH     0026H     UNIT         ?PR?SING?MAIN
            CODE    0D73H     0025H     UNIT         ?C_INITSEG
            CODE    0D98H     0023H     UNIT         ?PR?_LCD_WRITEDATA?LCD1602
            CODE    0DBBH     0023H     UNIT         ?PR?_LCD_SETCURSOR?LCD1602
            CODE    0DDEH     001AH     UNIT         ?PR?_LCD_POW?LCD1602
            CODE    0DF8H     0015H     UNIT         ?PR?_DELAY?DELAY
            CODE    0E0DH     0014H     UNIT         ?PR?LCD_INIT?LCD1602
            CODE    0E21H     0010H     UNIT         ?PR?LCD_S?MAIN
            CODE    0E31H     000FH     UNIT         ?PR?LCD_DELAY?LCD1602
            CODE    0E40H     000BH     UNIT         ?PR?_DELAY_10US?MATRIXKEY
            CODE    0E4BH     000AH     UNIT         ?PR?_LCD_WRITECOMMAND?LCD1602
            CODE    0E55H     000AH     UNIT         ?PR?_LCD_SHOWCHAR?LCD1602



OVERLAY MAP OF MODULE:   .\Objects\Project (MAIN)


SEGMENT                                  XDATA_GROUP
  +--> CALLED SEGMENT                  START    LENGTH
------------------------------------------------------
?C_C51STARTUP                          -----    -----
  +--> ?PR?MAIN?MAIN
  +--> ?C_INITSEG

?PR?MAIN?MAIN                          -----    -----
  +--> ?CO?MAIN
  +--> ?PR?_LCD_SHOWSTRING?LCD1602
  +--> ?PR?_JUDGE_COL?MAIN
  +--> ?PR?_JUDGE?MAIN
  +--> ?PR?_LCD_SHOWNUM?LCD1602
  +--> ?PR?MATRIXKEY?MATRIXKEY
  +--> ?PR?LCD_S?MAIN
  +--> ?PR?_SHOW?MAIN
  +--> ?PR?_DELAY?DELAY

?PR?_LCD_SHOWSTRING?LCD1602            0070H    0003H
  +--> ?PR?_LCD_SETCURSOR?LCD1602
  +--> ?PR?_LCD_WRITEDATA?LCD1602

?PR?_LCD_SETCURSOR?LCD1602             -----    -----
  +--> ?PR?_LCD_WRITECOMMAND?LCD1602

?PR?_LCD_WRITECOMMAND?LCD1602          -----    -----
  +--> ?PR?LCD_DELAY?LCD1602

?PR?_LCD_WRITEDATA?LCD1602             -----    -----
  +--> ?PR?LCD_DELAY?LCD1602

?PR?_JUDGE_COL?MAIN                    -----    -----
  +--> ?PR?_JUDGE?MAIN

?PR?_LCD_SHOWNUM?LCD1602               006EH    0006H
BL51 BANKED LINKER/LOCATER V6.22.2.0                                                  08/13/2023  12:56:04  PAGE 3


  +--> ?PR?_LCD_SETCURSOR?LCD1602
  +--> ?PR?_LCD_POW?LCD1602
  +--> ?PR?_LCD_WRITEDATA?LCD1602

?PR?MATRIXKEY?MATRIXKEY                006CH    0002H
  +--> ?PR?_DELAY?DELAY

?PR?LCD_S?MAIN                         -----    -----
  +--> ?PR?LCD_INIT?LCD1602
  +--> ?CO?MAIN
  +--> ?PR?_LCD_SHOWSTRING?LCD1602

?PR?LCD_INIT?LCD1602                   -----    -----
  +--> ?PR?_LCD_WRITECOMMAND?LCD1602

?PR?_SHOW?MAIN                         006CH    0002H
  +--> ?PR?KEY_SCAN?MATRIXKEY
  +--> ?PR?_ENQUEUE?MAIN
  +--> ?CO?MAIN
  +--> ?PR?_QUERY?MAIN
  +--> ?PR?_JUDGE?MAIN
  +--> ?PR?_LCD_SHOWNUM?LCD1602
  +--> ?PR?_LCD_SHOWSTRING?LCD1602
  +--> ?PR?_JUDGE_COL?MAIN
  +--> ?PR?_BOOKING?MAIN
  +--> ?PR?SING?MAIN
  +--> ?PR?DEQUEUE?MAIN

?PR?KEY_SCAN?MATRIXKEY                 -----    -----
  +--> ?PR?_DELAY_10US?MATRIXKEY

?PR?_ENQUEUE?MAIN                      006EH    0002H
  +--> ?CO?MAIN
  +--> ?PR?_LCD_SHOWSTRING?LCD1602

?PR?_QUERY?MAIN                        006EH    0004H
  +--> ?PR?_JUDGE_COL?MAIN

?PR?_BOOKING?MAIN                      -----    -----
  +--> ?CO?MAIN
  +--> ?PR?_LCD_SHOWSTRING?LCD1602

?PR?SING?MAIN                          006EH    0002H
  +--> ?PR?_DELAY?DELAY



SYMBOL TABLE OF MODULE:  .\Objects\Project (MAIN)

  VALUE           TYPE          NAME
  ----------------------------------

  -------         MODULE        MAIN
  C:0000H         SYMBOL        _ICE_DUMMY_
  D:0080H         PUBLIC        P0
  D:00A0H         PUBLIC        P2
  D:00B0H         PUBLIC        P3
BL51 BANKED LINKER/LOCATER V6.22.2.0                                                  08/13/2023  12:56:04  PAGE 4


  X:0000H         PUBLIC        length
  C:0D08H         PUBLIC        _judge
  B:00A0H.0       PUBLIC        BEEP
  C:0003H         PUBLIC        main
  C:0E21H         PUBLIC        LCD_s
  X:0002H         PUBLIC        queue
  X:002AH         PUBLIC        rear
  X:002CH         PUBLIC        front
  C:0D22H         PUBLIC        _judge_col
  C:0D4DH         PUBLIC        sing
  C:09A7H         PUBLIC        _query
  C:07C4H         PUBLIC        led_duan
  C:0421H         PUBLIC        _show
  X:002EH         PUBLIC        Keyflag
  X:0030H         PUBLIC        count_size
  X:0032H         PUBLIC        KeyNum
  X:0034H         PUBLIC        led_wei
  X:003CH         PUBLIC        st
  C:0AB4H         PUBLIC        _booking
  C:0B7EH         PUBLIC        dequeue
  C:08F6H         PUBLIC        _display
  C:06D6H         PUBLIC        _enqueue
  -------         PROC          LCD_S
  C:0E21H         LINE#         36
  C:0E21H         LINE#         37
  C:0E21H         LINE#         38
  C:0E24H         LINE#         39
  -------         ENDPROC       LCD_S
  C:0D00H         SYMBOL        L?0123
  C:0D03H         SYMBOL        L?0124
  -------         PROC          L?0122
  -------         ENDPROC       L?0122
  C:0D00H         SYMBOL        L?0123
  C:0D03H         SYMBOL        L?0124
  -------         PROC          _JUDGE
  D:0006H         SYMBOL        num
  -------         DO            
  D:0002H         SYMBOL        cnt
  -------         ENDDO         
  C:0D08H         LINE#         42
  C:0D08H         LINE#         43
  C:0D08H         LINE#         44
  C:0D0BH         LINE#         45
  C:0D0FH         LINE#         46
  C:0D0FH         LINE#         47
  C:0D16H         LINE#         48
  C:0D1BH         LINE#         49
  C:0D1DH         LINE#         50
  C:0D21H         LINE#         51
  -------         ENDPROC       _JUDGE
  -------         PROC          _JUDGE_COL
  D:0006H         SYMBOL        n
  -------         DO            
  D:0006H         SYMBOL        wei
  -------         ENDDO         
  C:0D22H         LINE#         53
  C:0D22H         LINE#         54
BL51 BANKED LINKER/LOCATER V6.22.2.0                                                  08/13/2023  12:56:04  PAGE 5


  C:0D22H         LINE#         55
  C:0D25H         LINE#         56
  C:0D2DH         LINE#         57
  C:0D37H         LINE#         58
  C:0D3FH         LINE#         59
  C:0D49H         LINE#         60
  C:0D4CH         LINE#         61
  -------         ENDPROC       _JUDGE_COL
  -------         PROC          SING
  -------         DO            
  X:006EH         SYMBOL        i
  -------         ENDDO         
  C:0D4DH         LINE#         63
  C:0D4DH         LINE#         64
  C:0D4DH         LINE#         65
  C:0D57H         LINE#         66
  C:0D65H         LINE#         67
  C:0D65H         LINE#         68
  C:0D67H         LINE#         69
  C:0D6EH         LINE#         70
  C:0D70H         LINE#         71
  C:0D72H         LINE#         72
  -------         ENDPROC       SING
  C:099AH         SYMBOL        L?0120
  C:099FH         SYMBOL        L?0121
  -------         PROC          L?0119
  -------         ENDPROC       L?0119
  C:099AH         SYMBOL        L?0120
  C:099FH         SYMBOL        L?0121
  -------         PROC          _QUERY
  X:006EH         SYMBOL        x
  -------         DO            
  D:0004H         SYMBOL        i
  X:0070H         SYMBOL        idx
  -------         ENDDO         
  C:09A7H         LINE#         74
  C:09AFH         LINE#         75
  C:09AFH         LINE#         76
  C:09B5H         LINE#         77
  C:09C5H         LINE#         78
  C:0A01H         LINE#         79
  C:0A09H         LINE#         80
  C:0A09H         LINE#         81
  C:0A10H         LINE#         82
  C:0A23H         LINE#         83
  C:0A27H         LINE#         84
  -------         ENDPROC       _QUERY
  -------         PROC          L?0125
  -------         ENDPROC       L?0125
  -------         PROC          _ENQUEUE
  X:006EH         SYMBOL        x
  C:06D6H         LINE#         86
  C:06DEH         LINE#         87
  C:06DEH         LINE#         88
  C:06EDH         LINE#         89
  C:071AH         LINE#         90
  C:0727H         LINE#         92
BL51 BANKED LINKER/LOCATER V6.22.2.0                                                  08/13/2023  12:56:04  PAGE 6


  C:0727H         LINE#         94
  C:074CH         LINE#         95
  C:075BH         LINE#         97
  C:0771H         LINE#         98
  C:077FH         LINE#         99
  C:078DH         LINE#         100
  -------         ENDPROC       _ENQUEUE
  -------         PROC          DEQUEUE
  C:0B7EH         LINE#         102
  C:0B7EH         LINE#         103
  C:0B7EH         LINE#         104
  C:0B88H         LINE#         106
  C:0BA4H         LINE#         107
  C:0BB2H         LINE#         109
  C:0BC8H         LINE#         110
  C:0BD6H         LINE#         111
  -------         ENDPROC       DEQUEUE
  -------         PROC          _DISPLAY
  X:0074H         SYMBOL        x
  -------         DO            
  X:0076H         SYMBOL        i
  X:0078H         SYMBOL        CNT
  -------         ENDDO         
  C:08F6H         LINE#         113
  C:08FEH         LINE#         114
  C:08FEH         LINE#         115
  C:0908H         LINE#         116
  C:0916H         LINE#         117
  C:091DH         LINE#         118
  C:0931H         LINE#         119
  C:095AH         LINE#         120
  C:0961H         LINE#         121
  C:0966H         LINE#         122
  C:0983H         LINE#         123
  C:0985H         LINE#         124
  C:098CH         LINE#         125
  C:098FH         LINE#         126
  C:0991H         LINE#         127
  -------         ENDPROC       _DISPLAY
  -------         PROC          _BOOKING
  D:0004H         SYMBOL        num
  C:0AB4H         LINE#         129
  C:0AB8H         LINE#         130
  C:0AB8H         LINE#         131
  C:0AD0H         LINE#         132
  C:0AE8H         LINE#         133
  C:0AF7H         LINE#         134
  C:0B05H         LINE#         135
  C:0B0BH         LINE#         136
  C:0B0DH         LINE#         137
  C:0B1AH         LINE#         138
  -------         ENDPROC       _BOOKING
  -------         PROC          _SHOW
  X:006CH         SYMBOL        x
  C:0421H         LINE#         140
  C:0429H         LINE#         141
  C:0429H         LINE#         142
BL51 BANKED LINKER/LOCATER V6.22.2.0                                                  08/13/2023  12:56:04  PAGE 7


  C:0434H         LINE#         144
  C:0439H         LINE#         145
  C:043CH         LINE#         146
  C:0442H         LINE#         147
  C:0445H         LINE#         148
  C:0451H         LINE#         149
  C:0463H         LINE#         150
  C:0463H         LINE#         151
  C:0498H         LINE#         152
  C:04A5H         LINE#         153
  C:04CCH         LINE#         154
  C:04CCH         LINE#         155
  C:04CCH         LINE#         156
  C:04E3H         LINE#         157
  C:04EFH         LINE#         158
  C:0508H         LINE#         159
  C:0508H         LINE#         160
  C:055AH         LINE#         161
  C:055DH         LINE#         163
  C:055DH         LINE#         164
  C:0560H         LINE#         165
  C:0560H         LINE#         166
  C:056CH         LINE#         167
  C:057EH         LINE#         168
  C:057EH         LINE#         169
  C:05C7H         LINE#         170
  C:05CAH         LINE#         172
  C:05CAH         LINE#         173
  C:05CAH         LINE#         174
  C:05D6H         LINE#         175
  C:05D9H         LINE#         176
  C:05DCH         LINE#         177
  C:05E9H         LINE#         178
  C:05E9H         LINE#         179
  -------         ENDPROC       _SHOW
  -------         PROC          MAIN
  -------         DO            
  D:0004H         SYMBOL        i
  -------         ENDDO         
  C:0003H         LINE#         181
  C:0003H         LINE#         182
  C:0003H         LINE#         184
  C:0026H         LINE#         186
  C:0029H         LINE#         188
  C:0029H         LINE#         189
  C:0029H         LINE#         190
  C:0042H         LINE#         191
  C:0099H         LINE#         193
  C:00A4H         LINE#         195
  C:00EFH         LINE#         196
  C:00EFH         LINE#         197
  C:0103H         LINE#         198
  C:0117H         LINE#         199
  C:012BH         LINE#         200
  C:013FH         LINE#         201
  C:0153H         LINE#         202
  C:0167H         LINE#         203
BL51 BANKED LINKER/LOCATER V6.22.2.0                                                  08/13/2023  12:56:04  PAGE 8


  C:017BH         LINE#         204
  C:018FH         LINE#         205
  C:01A2H         LINE#         206
  C:01B5H         LINE#         207
  C:01C8H         LINE#         208
  C:01DBH         LINE#         209
  C:01EEH         LINE#         210
  C:0201H         LINE#         211
  C:0218H         LINE#         212
  -------         ENDPROC       MAIN
  -------         ENDMOD        MAIN

  -------         MODULE        DELAY
  C:0000H         SYMBOL        _ICE_DUMMY_
  C:0DF8H         PUBLIC        _Delay
  -------         PROC          _DELAY
  D:0006H         SYMBOL        xms
  -------         DO            
  D:0005H         SYMBOL        i
  D:0004H         SYMBOL        j
  -------         ENDDO         
  C:0DF8H         LINE#         2
  C:0DF8H         LINE#         3
  C:0DF8H         LINE#         5
  C:0E02H         LINE#         6
  C:0E02H         LINE#         7
  C:0E04H         LINE#         8
  C:0E06H         LINE#         10
  C:0E06H         LINE#         11
  C:0E08H         LINE#         12
  C:0E0AH         LINE#         13
  C:0E0CH         LINE#         14
  -------         ENDPROC       _DELAY
  -------         ENDMOD        DELAY

  -------         MODULE        LCD1602
  C:0000H         SYMBOL        _ICE_DUMMY_
  D:0080H         PUBLIC        P0
  D:00A0H         PUBLIC        P2
  C:0E4BH         PUBLIC        _LCD_WriteCommand
  C:0C6CH         PUBLIC        _LCD_ShowNum
  C:0C29H         PUBLIC        _LCD_ShowBinNum
  C:0E37H         PUBLIC        LCD_Delay
  C:0BD7H         PUBLIC        _LCD_ShowHexNum
  C:0DB1H         PUBLIC        _LCD_WriteData
  B:00A0H.7       PUBLIC        LCD_EN
  C:0E0DH         PUBLIC        LCD_Init
  C:0CCAH         PUBLIC        _LCD_ShowString
  C:0E55H         PUBLIC        _LCD_ShowChar
  B:00A0H.6       PUBLIC        LCD_RS
  B:00A0H.5       PUBLIC        LCD_RW
  C:0DC0H         PUBLIC        _LCD_SetCursor
  C:0B1BH         PUBLIC        _LCD_ShowSignedNum
  C:0DDEH         PUBLIC        _LCD_Pow
  -------         PROC          L?0049
  -------         ENDPROC       L?0049
  -------         PROC          LCD_DELAY
BL51 BANKED LINKER/LOCATER V6.22.2.0                                                  08/13/2023  12:56:04  PAGE 9


  -------         DO            
  D:0007H         SYMBOL        i
  D:0006H         SYMBOL        j
  -------         ENDDO         
  C:0E37H         LINE#         16
  C:0E37H         LINE#         17
  C:0E37H         LINE#         20
  C:0E39H         LINE#         21
  C:0E3BH         LINE#         23
  C:0E3BH         LINE#         24
  C:0E3DH         LINE#         25
  C:0E3FH         LINE#         26
  -------         ENDPROC       LCD_DELAY
  -------         PROC          _LCD_WRITECOMMAND
  D:0007H         SYMBOL        Command
  C:0E4BH         LINE#         33
  C:0E4BH         LINE#         34
  C:0E4BH         LINE#         35
  C:0E4DH         LINE#         36
  C:0E4DH         LINE#         37
  C:0E4DH         LINE#         38
  C:0E4DH         LINE#         39
  C:0E50H         LINE#         40
  C:0E52H         LINE#         41
  -------         ENDPROC       _LCD_WRITECOMMAND
  -------         PROC          L?0046
  -------         ENDPROC       L?0046
  -------         PROC          _LCD_WRITEDATA
  D:0007H         SYMBOL        Data
  C:0DB1H         LINE#         49
  C:0DB1H         LINE#         50
  C:0DB1H         LINE#         51
  C:0DB3H         LINE#         52
  C:0DB3H         LINE#         53
  C:0DB3H         LINE#         54
  C:0DB3H         LINE#         55
  C:0DB6H         LINE#         56
  C:0DB8H         LINE#         57
  -------         ENDPROC       _LCD_WRITEDATA
  C:0DBBH         SYMBOL        L?0048
  -------         PROC          L?0047
  -------         ENDPROC       L?0047
  C:0DBBH         SYMBOL        L?0048
  -------         PROC          _LCD_SETCURSOR
  D:0006H         SYMBOL        Line
  D:0005H         SYMBOL        Column
  C:0DC0H         LINE#         66
  C:0DC2H         LINE#         67
  C:0DC2H         LINE#         68
  C:0DCAH         LINE#         69
  C:0DCAH         LINE#         70
  C:0DCCH         LINE#         71
  C:0DCEH         LINE#         72
  C:0DD4H         LINE#         73
  C:0DD4H         LINE#         74
  C:0DDDH         LINE#         75
  C:0DDDH         LINE#         76
BL51 BANKED LINKER/LOCATER V6.22.2.0                                                  08/13/2023  12:56:04  PAGE 10


  -------         ENDPROC       _LCD_SETCURSOR
  -------         PROC          LCD_INIT
  C:0E0DH         LINE#         83
  C:0E0DH         LINE#         84
  C:0E0DH         LINE#         85
  C:0E12H         LINE#         86
  C:0E17H         LINE#         87
  C:0E1CH         LINE#         88
  -------         ENDPROC       LCD_INIT
  -------         PROC          _LCD_SHOWCHAR
  D:0007H         SYMBOL        Line
  D:0005H         SYMBOL        Column
  D:0004H         SYMBOL        Char
  C:0E55H         LINE#         98
  C:0E57H         LINE#         99
  C:0E57H         LINE#         100
  C:0E5AH         LINE#         101
  -------         ENDPROC       _LCD_SHOWCHAR
  -------         PROC          _LCD_SHOWSTRING
  D:0007H         SYMBOL        Line
  D:0005H         SYMBOL        Column
  X:0070H         SYMBOL        String
  -------         DO            
  D:0005H         SYMBOL        i
  -------         ENDDO         
  C:0CCAH         LINE#         111
  C:0CD5H         LINE#         112
  C:0CD5H         LINE#         114
  C:0CD8H         LINE#         115
  C:0CF6H         LINE#         116
  -------         ENDPROC       _LCD_SHOWSTRING
  -------         PROC          _LCD_POW
  D:0001H         SYMBOL        base
  D:0003H         SYMBOL        ex
  -------         DO            
  D:0006H         SYMBOL        res
  D:0002H         SYMBOL        i
  -------         ENDDO         
  C:0DDEH         LINE#         121
  C:0DE2H         LINE#         122
  C:0DE2H         LINE#         123
  C:0DE6H         LINE#         125
  C:0DF7H         LINE#         126
  C:0DF7H         LINE#         127
  -------         ENDPROC       _LCD_POW
  -------         PROC          _LCD_SHOWNUM
  D:0007H         SYMBOL        Line
  D:0005H         SYMBOL        Column
  X:0070H         SYMBOL        Number
  X:0072H         SYMBOL        Length
  -------         DO            
  X:0073H         SYMBOL        i
  -------         ENDDO         
  C:0C6CH         LINE#         137
  C:0C6FH         LINE#         138
  C:0C6FH         LINE#         140
  C:0C72H         LINE#         141
BL51 BANKED LINKER/LOCATER V6.22.2.0                                                  08/13/2023  12:56:04  PAGE 11


  C:0C9AH         LINE#         142
  -------         ENDPROC       _LCD_SHOWNUM
  -------         PROC          _LCD_SHOWSIGNEDNUM
  D:0007H         SYMBOL        Line
  D:0005H         SYMBOL        Column
  X:0066H         SYMBOL        Number
  X:0068H         SYMBOL        Length
  -------         DO            
  X:0069H         SYMBOL        i
  X:006AH         SYMBOL        Number1
  -------         ENDDO         
  C:0B1BH         LINE#         152
  C:0B1EH         LINE#         153
  C:0B1EH         LINE#         156
  C:0B21H         LINE#         157
  C:0B2CH         LINE#         158
  C:0B2CH         LINE#         159
  C:0B31H         LINE#         160
  C:0B39H         LINE#         161
  C:0B3BH         LINE#         163
  C:0B3BH         LINE#         164
  C:0B40H         LINE#         165
  C:0B55H         LINE#         166
  C:0B55H         LINE#         167
  C:0B7DH         LINE#         168
  -------         ENDPROC       _LCD_SHOWSIGNEDNUM
  -------         PROC          _LCD_SHOWHEXNUM
  D:0007H         SYMBOL        Line
  D:0005H         SYMBOL        Column
  X:007CH         SYMBOL        Number
  X:007EH         SYMBOL        Length
  -------         DO            
  X:007FH         SYMBOL        i
  D:0006H         SYMBOL        SingleNumber
  -------         ENDDO         
  C:0BD7H         LINE#         178
  C:0BDAH         LINE#         179
  C:0BDAH         LINE#         181
  C:0BDDH         LINE#         182
  C:0BEFH         LINE#         183
  C:0BEFH         LINE#         184
  C:0C0CH         LINE#         185
  C:0C1AH         LINE#         186
  C:0C20H         LINE#         187
  C:0C28H         LINE#         188
  -------         ENDPROC       _LCD_SHOWHEXNUM
  -------         PROC          _LCD_SHOWBINNUM
  D:0007H         SYMBOL        Line
  D:0005H         SYMBOL        Column
  X:0082H         SYMBOL        Number
  X:0084H         SYMBOL        Length
  -------         DO            
  X:0085H         SYMBOL        i
  -------         ENDDO         
  C:0C29H         LINE#         198
  C:0C2CH         LINE#         199
  C:0C2CH         LINE#         201
BL51 BANKED LINKER/LOCATER V6.22.2.0                                                  08/13/2023  12:56:04  PAGE 12


  C:0C2FH         LINE#         202
  C:0C6BH         LINE#         203
  -------         ENDPROC       _LCD_SHOWBINNUM
  -------         ENDMOD        LCD1602

  -------         MODULE        MATRIXKEY
  C:0000H         SYMBOL        _ICE_DUMMY_
  B:00A0H.6       PUBLIC        SRCLK
  D:0090H         PUBLIC        P1
  D:00A0H         PUBLIC        P2
  D:00B0H         PUBLIC        P3
  B:0090H.0       PUBLIC        P1_0
  B:0090H.1       PUBLIC        P1_1
  B:0090H.2       PUBLIC        P1_2
  B:0090H.3       PUBLIC        P1_3
  B:00A0H.7       PUBLIC        RC
  B:0090H.4       PUBLIC        P1_4
  B:0090H.5       PUBLIC        P1_5
  B:0090H.6       PUBLIC        P1_6
  B:0090H.7       PUBLIC        P1_7
  B:00B0H.0       PUBLIC        KEY1
  B:00B0H.1       PUBLIC        KEY2
  B:00B0H.2       PUBLIC        KEY3
  B:00B0H.3       PUBLIC        KEY4
  B:00B0H.4       PUBLIC        KEY5
  B:00B0H.5       PUBLIC        KEY6
  B:00B0H.6       PUBLIC        KEY7
  B:00B0H.7       PUBLIC        KEY8
  C:022FH         PUBLIC        MatrixKey
  C:0E40H         PUBLIC        _delay_10us
  C:05EAH         PUBLIC        key_scan
  B:00A0H.5       PUBLIC        SER
  C:0C9BH         PUBLIC        _Hc595SendByte
  -------         PROC          _DELAY_10US
  D:0006H         SYMBOL        ten_us
  C:0E40H         LINE#         6
  C:0E40H         LINE#         7
  C:0E40H         LINE#         8
  C:0E4AH         LINE#         9
  -------         ENDPROC       _DELAY_10US
  -------         PROC          _HC595SENDBYTE
  D:0007H         SYMBOL        dat
  -------         DO            
  D:0006H         SYMBOL        i
  -------         ENDDO         
  C:0C9BH         LINE#         11
  C:0C9BH         LINE#         12
  C:0C9BH         LINE#         14
  C:0C9DH         LINE#         15
  C:0C9FH         LINE#         16
  C:0CABH         LINE#         17
  C:0CABH         LINE#         18
  C:0CB6H         LINE#         19
  C:0CBAH         LINE#         20
  C:0CBCH         LINE#         21
  C:0CBDH         LINE#         22
  C:0CBEH         LINE#         23
BL51 BANKED LINKER/LOCATER V6.22.2.0                                                  08/13/2023  12:56:04  PAGE 13


  C:0CC0H         LINE#         24
  C:0CC3H         LINE#         25
  C:0CC5H         LINE#         26
  C:0CC6H         LINE#         27
  C:0CC7H         LINE#         28
  C:0CC9H         LINE#         29
  -------         ENDPROC       _HC595SENDBYTE
  -------         PROC          KEY_SCAN
  -------         DO            
  X:0086H         SYMBOL        key_code
  -------         ENDDO         
  C:05EAH         LINE#         31
  C:05EAH         LINE#         32
  C:05EAH         LINE#         35
  C:05EAH         LINE#         36
  C:05EAH         LINE#         37
  C:0602H         LINE#         39
  C:0609H         LINE#         41
  C:0616H         LINE#         42
  C:0624H         LINE#         43
  C:0632H         LINE#         44
  C:0640H         LINE#         45
  C:064EH         LINE#         46
  C:065CH         LINE#         47
  C:066AH         LINE#         48
  C:0676H         LINE#         50
  C:068EH         LINE#         52
  C:0695H         LINE#         54
  C:06C5H         LINE#         55
  C:06C5H         LINE#         57
  C:06CDH         LINE#         58
  -------         ENDPROC       KEY_SCAN
  -------         PROC          MATRIXKEY
  -------         DO            
  X:006CH         SYMBOL        KeyNumber
  -------         ENDDO         
  C:022FH         LINE#         66
  C:022FH         LINE#         67
  C:022FH         LINE#         68
  C:0236H         LINE#         70
  C:0239H         LINE#         71
  C:023BH         LINE#         72
  C:0256H         LINE#         73
  C:0273H         LINE#         74
  C:0290H         LINE#         75
  C:02ADH         LINE#         77
  C:02B0H         LINE#         78
  C:02B2H         LINE#         79
  C:02CFH         LINE#         80
  C:02ECH         LINE#         81
  C:0309H         LINE#         82
  C:0326H         LINE#         84
  C:0329H         LINE#         85
  C:032BH         LINE#         86
  C:0348H         LINE#         87
  C:0365H         LINE#         88
  C:0382H         LINE#         89
BL51 BANKED LINKER/LOCATER V6.22.2.0                                                  08/13/2023  12:56:04  PAGE 14


  C:039FH         LINE#         91
  C:03A2H         LINE#         92
  C:03A4H         LINE#         93
  C:03C1H         LINE#         94
  C:03DEH         LINE#         95
  C:03FBH         LINE#         96
  C:0418H         LINE#         98
  C:0420H         LINE#         99
  -------         ENDPROC       MATRIXKEY
  -------         ENDMOD        MATRIXKEY

  -------         MODULE        ?C?CLDOPTR
  C:084CH         PUBLIC        ?C?CLDOPTR
  -------         ENDMOD        ?C?CLDOPTR

  -------         MODULE        ?C?IMUL
  C:0879H         PUBLIC        ?C?IMUL
  -------         ENDMOD        ?C?IMUL

  -------         MODULE        ?C?UIDIV
  C:088BH         PUBLIC        ?C?UIDIV
  -------         ENDMOD        ?C?UIDIV

  -------         MODULE        ?C?ILDIX
  C:08E0H         PUBLIC        ?C?ILDIX
  -------         ENDMOD        ?C?ILDIX

Program Size: data=9.0 xdata=136 code=3679
LINK/LOCATE RUN COMPLETE.  0 WARNING(S),  0 ERROR(S)
